MohitSaxena@D-PC MINGW64 /c/xampp/htdocs/laravelproj/resources/views/auth
$ git init
Initialized empty Git repository in C:/xampp/htdocs/laravelproj/resources/views/auth/.git/

MohitSaxena@D-PC MINGW64 /c/xampp/htdocs/laravelproj/resources/views/auth (master)
$ git status
On branch master

No commits yet

Untracked files:
  (use "git add <file>..." to include in what will be committed)

        login.blade.php
        passwords/
        register.blade.php

nothing added to commit but untracked files present (use "git add" to track)

MohitSaxena@D-PC MINGW64 /c/xampp/htdocs/laravelproj/resources/views/auth (master)
$ git add login.blade.php
warning: LF will be replaced by CRLF in login.blade.php.
The file will have its original line endings in your working directory.

MohitSaxena@D-PC MINGW64 /c/xampp/htdocs/laravelproj/resources/views/auth (master)
$ git commit -m
error: switch `m' requires a value

MohitSaxena@D-PC MINGW64 /c/xampp/htdocs/laravelproj/resources/views/auth (master)
$ git commit -m "add login page"
[master (root-commit) b7260b4] add login page
 Committer: unknown <MohitSaxena@D-PC.alivenetsolutions.com>
Your name and email address were configured automatically based
on your username and hostname. Please check that they are accurate.
You can suppress this message by setting them explicitly. Run the
following command and follow the instructions in your editor to edit
your configuration file:

    git config --global --edit

After doing this, you may fix the identity used for this commit with:

    git commit --amend --reset-author

 1 file changed, 69 insertions(+)
 create mode 100644 login.blade.php

MohitSaxena@D-PC MINGW64 /c/xampp/htdocs/laravelproj/resources/views/auth (master)
$ git config user.email "mksaxena27@gmail.com"

MohitSaxena@D-PC MINGW64 /c/xampp/htdocs/laravelproj/resources/views/auth (master)
$ git config user.name "mohit2708"

MohitSaxena@D-PC MINGW64 /c/xampp/htdocs/laravelproj/resources/views/auth (master)
$ git commit -m "add login page"
On branch master
Untracked files:
        passwords/
        register.blade.php

nothing added to commit but untracked files present

MohitSaxena@D-PC MINGW64 /c/xampp/htdocs/laravelproj/resources/views/auth (master)
$ git add register.blade.php
warning: LF will be replaced by CRLF in register.blade.php.
The file will have its original line endings in your working directory.

MohitSaxena@D-PC MINGW64 /c/xampp/htdocs/laravelproj/resources/views/auth (master)
$ git commit -m "add register page"
[master eb20465] add register page
 1 file changed, 77 insertions(+)
 create mode 100644 register.blade.php

MohitSaxena@D-PC MINGW64 /c/xampp/htdocs/laravelproj/resources/views/auth (master)
$ git remote add origin https://github.com/mohit2708/Files.git

MohitSaxena@D-PC MINGW64 /c/xampp/htdocs/laravelproj/resources/views/auth (master)
$ git push origin master
Username for 'https://github.com': mohit2708
Enumerating objects: 6, done.
Counting objects: 100% (6/6), done.
Delta compression using up to 4 threads.
Compressing objects: 100% (5/5), done.
Writing objects: 100% (6/6), 1.37 KiB | 1.37 MiB/s, done.
Total 6 (delta 1), reused 0 (delta 0)
remote: Resolving deltas: 100% (1/1), done.
To https://github.com/mohit2708/Files.git
 * [new branch]      master -> master

MohitSaxena@D-PC MINGW64 /c/xampp/htdocs/laravelproj/resources/views/auth (master)
$ ^C

MohitSaxena@D-PC MINGW64 /c/xampp/htdocs/laravelproj/resources/views/auth (master)
$
